Allowing multi-threading with up to 88 threads.
   Power SFT.R.sq   slope truncated.R.sq mean.k. median.k. max.k.
1      1 0.069400  2.7900         0.8370 1000.00   1040.00 1170.0
2      2 0.224000  3.9800         0.3880  608.00    636.00  805.0
3      3 0.221000  3.0100         0.0778  381.00    397.00  571.0
4      4 0.440000  0.7220         0.2930  246.00    253.00  417.0
5      5 0.346000  0.2140         0.4330  163.00    165.00  314.0
6      6 0.000331  0.0119         0.6900  112.00    110.00  242.0
7      7 0.243000 -0.4130         0.7480   78.60     77.90  192.0
8      8 0.428000 -0.6350         0.8560   56.70     55.30  156.0
9      9 0.573000 -0.8060         0.9190   41.80     40.30  129.0
10    10 0.650000 -0.9690         0.9350   31.50     29.20  109.0
11    12 0.736000 -1.1900         0.9480   19.00     16.00   80.9
12    14 0.804000 -1.2900         0.9690   12.20      8.85   63.0
13    16 0.848000 -1.3800         0.9840    8.28      5.09   50.7
14    18 0.872000 -1.4300         0.9850    5.88      3.09   41.9
15    20 0.887000 -1.4600         0.9750    4.34      1.92   35.2
   Power SFT.R.sq   slope truncated.R.sq mean.k. median.k. max.k.
1      1  0.12000  3.5100          0.822 1000.00   1030.00 1220.0
2      2  0.21600  3.9200          0.310  610.00    622.00  882.0
3      3  0.17400  2.6700         -0.038  385.00    385.00  659.0
4      4  0.03450  0.2770          0.202  251.00    245.00  507.0
5      5  0.00043  0.0167          0.701  169.00    158.00  400.0
6      6  0.25400 -0.6640          0.898  118.00    105.00  323.0
7      7  0.49700 -1.0100          0.952   84.10     71.30  265.0
8      8  0.63200 -1.1800          0.965   61.70     49.30  221.0
9      9  0.71400 -1.3200          0.956   46.30     35.50  187.0
10    10  0.77300 -1.3700          0.947   35.60     25.30  159.0
11    12  0.83600 -1.4300          0.900   22.20     14.10  120.0
12    14  0.93400 -1.3300          0.930   14.90      8.11   93.0
13    16  0.92700 -1.3500          0.906   10.50      4.89   77.1
14    18  0.94900 -1.3400          0.936    7.80      3.10   67.2
15    20  0.95700 -1.3300          0.949    6.01      2.08   59.6
   Power SFT.R.sq   slope truncated.R.sq mean.k. median.k. max.k.
1      1 0.112000  3.3800         0.8290   969.0   1010.00 1190.0
2      2 0.203000  3.8000         0.3270   591.0    616.00  850.0
3      3 0.148000  2.4600        -0.0747   377.0    389.00  626.0
4      4 0.022900  0.2520        -0.0127   250.0    254.00  473.0
5      5 0.000405 -0.0168         0.2880   173.0    175.00  366.0
6      6 0.126000 -0.5860         0.5900   123.0    122.00  289.0
7      7 0.196000 -0.7580         0.6770    90.9     88.50  233.0
8      8 0.266000 -0.9520         0.7460    69.0     66.30  191.0
9      9 0.324000 -1.0800         0.7420    53.7     50.00  160.0
10    10 0.391000 -1.0300         0.7450    42.9     39.20  135.0
11    12 0.532000 -1.0600         0.5240    29.2     24.20  101.0
12    14 0.517000 -1.5600         0.4400    21.5     15.60   93.3
13    16 0.280000 -4.1500         0.1750    16.9     10.90   88.6
14    18 0.329000 -5.0500         0.1980    13.9      7.49   85.5
15    20 0.349000 -4.9700         0.2190    12.0      5.27   83.6
There were 50 or more warnings (use warnings() to see the first 50)
Adjacency, set 1
..connectivity..
..matrix multiplication (system BLAS)..
..normalization..
..done.
Similarity, set 1
Adjacency, set 2
..connectivity..
..matrix multiplication (system BLAS)..
..normalization..
..done.
Similarity, set 2
Adjacency, set 3
..connectivity..
..matrix multiplication (system BLAS)..
..normalization..
..done.
Similarity, set 3
Scaling, set 1
Scaling, set 2
Scaling, set 3
1 of 4 iterations in pMin
2 of 4 iterations in pMin
3 of 4 iterations in pMin
4 of 4 iterations in pMin
Starting dendrogram tree.
DONE!!!!
[2026-05-06 21:45:58] 02_wgcna_main complete.
